10c5387f
CPU: VIPT nonaliasing data cache, VIPT nonaliasing instruction cache
Machine: OMAP3 Beagle Board
Memory policy: ECC disabled, Data cache writeback
On node 0 totalpages: 65536
free_area_init_node: node 0, pgdat c0559fbc, node_mem_map c058e000
  Normal zone: 512 pages used for memmap
  Normal zone: 0 pages reserved
  Normal zone: 65024 pages, LIFO batch:15
  Movable zone: 0 pages used for memmap
OMAP3430 ES3.0
SRAM: Mapped pa 0x40200000 to va 0xd7000000 size: 0x100000
Reserving 15728640 bytes SDRAM for VRAM
Built 1 zonelists in Zone order, mobility grouping on.  Total pages: 65024
Kernel command line: console=ttyS2,115200n8 console=tty0 root=/dev/mmcblk0p2 rootdelay=2 rootfstype=ext3 video=omapfb:vram:2M,vram:4M
Clocking rate (Crystal/DPLL/ARM core): 26.0/332/500 MHz
GPMC revision 5.0
IRQ: Found an INTC at 0xd8200000 (revision 4.0) with 96 interrupts
Total of 96 interrupts on 1 active controller
OMAP34xx GPIO hardware version 2.5
PID hash table entries: 1024 (order: 10, 4096 bytes)
OMAP clockevent source: GPTIMER12 at 32768 Hz
Console: colour dummy device 80x30
console [tty0] enabled
Dentry cache hash table entries: 32768 (order: 5, 131072 bytes)
Inode-cache hash table entries: 16384 (order: 4, 65536 bytes)
Memory: 128MB 128MB = 256MB total
Memory: 238592KB available (5008K code, 437K data, 196K init)
Calibrating delay loop... 486.31 BogoMIPS (lpj=1900544)
Mount-cache hash table entries: 512
CPU: Testing write buffer coherency: ok
net_namespace: 532 bytes
regulator: core version 0.5
NET: Registered protocol family 16
Found NAND on CS0
Registering NAND on CS0
OMAP DMA hardware revision 4.0
USB: No board-specific platform config found
OMAP DSS rev 2.0
OMAP DISPC rev 3.0
OMAP VENC rev 2
OMAP DSI rev 1.0
i2c_omap i2c_omap.1: bus 1 rev3.12 at 2600 kHz
twl4030: PIH (irq 7) chaining IRQs 368..375
twl4030: power (irq 373) chaining IRQs 376..383
twl4030: gpio (irq 368) chaining IRQs 384..401
i2c_omap i2c_omap.3: bus 3 rev3.12 at 100 kHz
SCSI subsystem initialized
twl4030_usb twl4030_usb: Initialized TWL4030 USB module
usbcore: registered new interface driver usbfs
usbcore: registered new interface driver hub
usbcore: registered new device driver usb
musb_hdrc: version 6.0, musb-dma, otg (peripheral+host), debug=0
musb_hdrc: ConfigData=0xde (UTMI-8, dyn FIFOs, bulk combine (X), bulk split (X), HB-ISO Rx (X), HB-ISO Tx (X), SoftConn)
musb_hdrc: MHDRC RTL version 1.400 
musb_hdrc: setup fifo_mode 4
musb_hdrc: 29/31 max ep, 16384/16384 memory
musb_hdrc: hw_ep 0shared, max 64
musb_hdrc: hw_ep 1tx, max 512
musb_hdrc: hw_ep 1rx, max 512
musb_hdrc: hw_ep 2tx, max 512
musb_hdrc: hw_ep 2rx, max 512
musb_hdrc: hw_ep 3tx, max 512
musb_hdrc: hw_ep 3rx, max 512
musb_hdrc: hw_ep 4tx, max 512
musb_hdrc: hw_ep 4rx, max 512
musb_hdrc: hw_ep 5tx, max 512
musb_hdrc: hw_ep 5rx, max 512
musb_hdrc: hw_ep 6tx, max 512
musb_hdrc: hw_ep 6rx, max 512
musb_hdrc: hw_ep 7tx, max 512
musb_hdrc: hw_ep 7rx, max 512
musb_hdrc: hw_ep 8tx, max 512
musb_hdrc: hw_ep 8rx, max 64
musb_hdrc: hw_ep 9tx, max 512
musb_hdrc: hw_ep 9rx, max 64
musb_hdrc: hw_ep 10tx, max 512
musb_hdrc: hw_ep 10rx, max 64
musb_hdrc: hw_ep 11tx, max 256
musb_hdrc: hw_ep 11rx, max 256
musb_hdrc: hw_ep 12tx, max 256
musb_hdrc: hw_ep 12rx, max 256
musb_hdrc: hw_ep 13tx, max 256
musb_hdrc: hw_ep 13rx, max 4096
musb_hdrc: hw_ep 14shared, max 1024
musb_hdrc: hw_ep 15shared, max 1024
musb_hdrc: USB OTG mode controller at d80ab000 using DMA, IRQ 92
regulator: VMMC1: 1850 <--> 3150 mV normal standby
regulator: VDAC: 1800 mV normal standby
regulator: VUSB1V5: 1500 mV normal standby
regulator: VUSB1V8: 1800 mV normal standby
regulator: VUSB3V1: 3100 mV normal standby
regulator: VSIM: 1800 <--> 3000 mV normal standby
Bluetooth: Core ver 2.13
NET: Registered protocol family 31
Bluetooth: HCI device and connection manager initialized
Bluetooth: HCI socket layer initialized
cfg80211: Using static regulatory domain info
cfg80211: Regulatory domain: US
	(start_freq - end_freq @ bandwidth), (max_antenna_gain, max_eirp)
	(2402000 KHz - 2472000 KHz @ 40000 KHz), (600 mBi, 2700 mBm)
	(5170000 KHz - 5190000 KHz @ 40000 KHz), (600 mBi, 2300 mBm)
	(5190000 KHz - 5210000 KHz @ 40000 KHz), (600 mBi, 2300 mBm)
	(5210000 KHz - 5230000 KHz @ 40000 KHz), (600 mBi, 2300 mBm)
	(5230000 KHz - 5330000 KHz @ 40000 KHz), (600 mBi, 2300 mBm)
	(5735000 KHz - 5835000 KHz @ 40000 KHz), (600 mBi, 3000 mBm)
cfg80211: Calling CRDA for country: US
NET: Registered protocol family 2
Switched to high resolution mode on CPU 0
IP route cache hash table entries: 2048 (order: 1, 8192 bytes)
TCP established hash table entries: 8192 (order: 4, 65536 bytes)
TCP bind hash table entries: 8192 (order: 3, 32768 bytes)
TCP: Hash tables configured (established 8192 bind 8192)
TCP reno registered
NET: Registered protocol family 1
VFS: Disk quotas dquot_6.5.1
Dquot-cache hash table entries: 1024 (order 0, 4096 bytes)
JFFS2 version 2.2. (NAND) (SUMMARY)  Â© 2001-2006 Red Hat, Inc.
msgmni has been set to 466
alg: No test for stdrng (krng)
io scheduler noop registered
io scheduler anticipatory registered
io scheduler deadline registered
io scheduler cfq registered (default)
Serial: 8250/16550 driver4 ports, IRQ sharing enabled
serial8250.0: ttyS0 at MMIO 0x4806a000 (irq = 72) is a ST16654
serial8250.0: ttyS1 at MMIO 0x4806c000 (irq = 73) is a ST16654
serial8250.0: ttyS2 at MMIO 0x49020000 (irq = 74) is a ST16654
console [ttyS2] enabled
brd: module loaded
loop: module loaded
usbcore: registered new interface driver catc
catc: v2.8:CATC EL1210A NetMate USB Ethernet driver
usbcore: registered new interface driver kaweth
pegasus: v0.6.14 (2006/09/27), Pegasus/Pegasus II USB Ethernet driver
usbcore: registered new interface driver pegasus
rtl8150: v0.6.2 (2004/08/27):rtl8150 based usb-ethernet driver
usbcore: registered new interface driver rtl8150
usbcore: registered new interface driver asix
usbcore: registered new interface driver cdc_ether
usbcore: registered new interface driver dm9601
usbcore: registered new interface driver smsc95xx
usbcore: registered new interface driver gl620a
usbcore: registered new interface driver net1080
usbcore: registered new interface driver plusb
usbcore: registered new interface driver rndis_host
usbcore: registered new interface driver cdc_subset
Broadcom 43xx driver loaded [ Features: L, Firmware-ID: FW13 ]
usbcore: registered new interface driver zd1211rw
usbcore: registered new interface driver rndis_wlan
usbcore: registered new interface driver zd1201
usbcore: registered new interface driver usb8xxx
usbcore: registered new interface driver rtl8187
usbcore: registered new interface driver rt2500usb
usbcore: registered new interface driver rt73usb
usbcore: registered new interface driver p54usb
i2c /dev entries driver
input: triton2-pwrbutton as /class/input/input0
triton2 power button driver initialized
Driver 'sd' needs updating - please use bus_type methods
Driver 'sr' needs updating - please use bus_type methods
omap2-nand driver initializing
NAND device: Manufacturer ID: 0x2c, Chip ID: 0xba (Micron NAND 256MiB 1,8V 16-bit)
cmdlinepart partition parsing not available
Creating 5 MTD partitions on "omap2-nand":
0x00000000-0x00080000 : "X-Loader"
0x00080000-0x00260000 : "U-Boot"
0x00260000-0x00280000 : "U-Boot Env"
0x00280000-0x00680000 : "Kernel"
0x00680000-0x10000000 : "File System"
ehci_hcd: USB 2.0 'Enhanced' Host Controller (EHCI) Driver
ehci-omap ehci-omap.0: OMAP-EHCI Host Controller
ehci-omap ehci-omap.0: new USB bus registered, assigned bus number 1
ehci-omap ehci-omap.0: irq 77, io mem 0x48064800
ehci-omap ehci-omap.0: USB 2.0 started, EHCI 1.00
usb usb1: configuration #1 chosen from 1 choice
hub 1-0:1.0: USB hub found
hub 1-0:1.0: 3 ports detected
Initializing USB Mass Storage driver...
usbcore: registered new interface driver usb-storage
USB Mass Storage support registered.
g_cdc gadget: using random self ethernet address
g_cdc gadget: using random host ethernet address
usb0: MAC 3a:f7:3b:a9:af:05
usb0: HOST MAC 1a:70:39:00:6e:20
g_cdc gadget: CDC Composite Gadget, version: King Kamehameha Day 2008
g_cdc gadget: g_cdc ready
musb_hdrc musb_hdrc: MUSB HDRC host driver
musb_hdrc musb_hdrc: new USB bus registered, assigned bus number 2
usb usb2: configuration #1 chosen from 1 choice
hub 2-0:1.0: USB hub found
hub 2-0:1.0: 1 port detected
mice: PS/2 mouse device common for all mice
input: gpio-keys as /class/input/input1
twl4030_rtc twl4030_rtc: rtc core: registered twl4030_rtc as rtc0
twl4030_rtc twl4030_rtc: Power up reset detected.
twl4030_rtc twl4030_rtc: Enabling TWL4030-RTC.
OMAP Watchdog Timer Rev 0x31: initial timeout 60 sec
Bluetooth: HCI USB driver ver 2.10
usbcore: registered new interface driver hci_usb
Bluetooth: Broadcom Blutonium firmware driver ver 1.2
usbcore: registered new interface driver bcm203x
Bluetooth: Digianswer Bluetooth USB driver ver 0.10
usbcore: registered new interface driver bpa10x
Bluetooth: Generic Bluetooth SDIO driver ver 0.1
mmci-omap-hs mmci-omap-hs.0: Failed to get debounce clock
Registered led device: beagleboard::usr0
Registered led device: beagleboard::usr1
usbcore: registered new interface driver usbhid
usbhid: v2.6:USB HID core driver
Advanced Linux Sound Architecture Driver Version 1.0.18rc3.
usbcore: registered new interface driver snd-usb-audio
ASoC version 0.13.2
OMAP3 Beagle SoC init
TWL4030 Audio Codec init 
asoc: twl4030 <-> omap-mcbsp-dai-(link_id) mapping ok
ALSA device list:
  #0: omap3beagle (twl4030)
oprofile: using arm/armv7
TCP cubic registered
NET: Registered protocol family 17
NET: Registered protocol family 15
Bluetooth: L2CAP ver 2.11
Bluetooth: L2CAP socket layer initialized
Bluetooth: SCO (Voice Link) ver 0.6
Bluetooth: SCO socket layer initialized
Bluetooth: RFCOMM socket layer initialized
Bluetooth: RFCOMM TTY layer initialized
Bluetooth: RFCOMM ver 1.10
Bluetooth: BNEP (Ethernet Emulation) ver 1.3
Bluetooth: BNEP filters: protocol multicast
Bluetooth: HIDP (Human Interface Emulation) ver 1.2
RPC: Registered udp transport module.
RPC: Registered tcp transport module.
ieee80211: 802.11 data/management/control stack, git-1.1.13
ieee80211: Copyright (C) 2004-2005 Intel Corporation <jketreno@linux.intel.com>
ieee80211_crypt: registered algorithm 'NULL'
ieee80211_crypt: registered algorithm 'WEP'
ieee80211_crypt: registered algorithm 'CCMP'
ieee80211_crypt: registered algorithm 'TKIP'
ThumbEE CPU extension supported.
Power Management for TI OMAP3.
SmartReflex driver initialized
Disabling unused clock "sr2_fck"
Disabling unused clock "sr1_fck"
Disabling unused clock "mcbsp_fck"
Disabling unused clock "mcbsp_fck"
Disabling unused clock "mcbsp_fck"
Disabling unused clock "mcbsp_ick"
Disabling unused clock "mcbsp_ick"
Disabling unused clock "mcbsp_ick"
Disabling unused clock "gpt2_ick"
Disabling unused clock "gpt3_ick"
Disabling unused clock "gpt4_ick"
Disabling unused clock "gpt5_ick"
Disabling unused clock "gpt6_ick"
Disabling unused clock "gpt7_ick"
Disabling unused clock "gpt8_ick"
Disabling unused clock "gpt9_ick"
Disabling unused clock "wdt3_ick"
Disabling unused clock "wdt3_fck"
Disabling unused clock "gpio2_dbck"
Disabling unused clock "gpio3_dbck"
Disabling unused clock "gpio4_dbck"
Disabling unused clock "gpio5_dbck"
Disabling unused clock "gpio6_dbck"
Disabling unused clock "gpt9_fck"
Disabling unused clock "gpt8_fck"
Disabling unused clock "gpt7_fck"
Disabling unused clock "gpt6_fck"
Disabling unused clock "gpt5_fck"
Disabling unused clock "gpt4_fck"
Disabling unused clock "gpt3_fck"
Disabling unused clock "gpt2_fck"
Disabling unused clock "gpt1_ick"
Disabling unused clock "wdt1_ick"
Disabling unused clock "wdt2_ick"
Disabling unused clock "wdt2_fck"
Disabling unused clock "gpio1_dbck"
Disabling unused clock "gpt1_fck"
Disabling unused clock "cam_ick"
Disabling unused clock "cam_mclk"
Disabling unused clock "des1_ick"
Disabling unused clock "sha11_ick"
Disabling unused clock "rng_ick"
Disabling unused clock "aes1_ick"
Disabling unused clock "ssi_ick"
Disabling unused clock "mailboxes_ick"
Disabling unused clock "mcbsp_ick"
Disabling unused clock "mcbsp_ick"
Disabling unused clock "gpt10_ick"
Disabling unused clock "gpt11_ick"
Disabling unused clock "i2c_ick"
Disabling unused clock "mcspi_ick"
Disabling unused clock "mcspi_ick"
Disabling unused clock "mcspi_ick"
Disabling unused clock "mcspi_ick"
Disabling unused clock "hdq_ick"
Disabling unused clock "mspro_ick"
Disabling unused clock "des2_ick"
Disabling unused clock "sha12_ick"
Disabling unused clock "aes2_ick"
Disabling unused clock "icr_ick"
Disabling unused clock "pka_ick"
Disabling unused clock "ssi_ssr_fck"
Disabling unused clock "hdq_fck"
Disabling unused clock "mcspi_fck"
Disabling unused clock "mcspi_fck"
Disabling unused clock "mcspi_fck"
Disabling unused clock "mcspi_fck"
Disabling unused clock "mcbsp_fck"
Disabling unused clock "mcbsp_fck"
Disabling unused clock "i2c_fck"
Disabling unused clock "mspro_fck"
Disabling unused clock "gpt11_fck"
Disabling unused clock "gpt10_fck"
Disabling unused clock "dpll4_m6x2_ck"
Disabling unused clock "dpll3_m3x2_ck"
Disabling unused clock "sys_clkout1"
VFP support v0.3: implementor 41 architecture 3 part 30 variant c rev 1
registered taskstats version 1
Console: switching to colour frame buffer device 80x30
clock: clksel_round_rate_div: dpll4_m4_ck target_rate 48000000
clock: new_div = 9, new_rate = 48000000
twl4030_rtc twl4030_rtc: setting system clock to 2000-01-01 00:00:00 UTC (946684800)
Waiting 2sec before mounting root device...
usb 2-1: new high speed USB device using musb_hdrc and address 2
usb 2-1: configuration #1 chosen from 1 choice
hub 2-1:1.0: USB hub found
hub 2-1:1.0: 4 ports detected
mmc0: new SDHC card at address 376e
mmcblk0: mmc0:376e SM04G 3.69 GiB 
 mmcblk0: p1 p2
usb 2-1.1: new full speed USB device using musb_hdrc and address 3
usb 2-1.1: device v07a6 p8511 is not supported
usb 2-1.1: configuration #1 chosen from 1 choice
pegasus 2-1.1:1.0: setup Pegasus II specific registers
pegasus 2-1.1:1.0: eth0, ADMtek ADM8511 "Pegasus II" USB Ethernet, 00:14:d1:17:f5:3a
usb 2-1.3: new full speed USB device using musb_hdrc and address 4
usb 2-1.3: device v0403 p6001 is not supported
usb 2-1.3: configuration #1 chosen from 1 choice
kjournald starting.  Commit interval 5 seconds
EXT3-fs warning: mounting unchecked fs, running e2fsck is recommended
EXT3 FS on mmcblk0p2, internal journal
EXT3-fs: recovery complete.
EXT3-fs: mounted filesystem with ordered data mode.
VFS: Mounted root (ext3 filesystem).
Freeing init memory: 196K
udevd version 124 started
uncorrectable error : <3>end_request: I/O error, dev mtdblock0, sector 0
Buffer I/O error on device mtdblock0, logical block 0
end_request: I/O error, dev mtdblock0, sector 8
Buffer I/O error on device mtdblock0, logical block 1
uncorrectable error : <3>end_request: I/O error, dev mtdblock0, sector 16
Buffer I/O error on device mtdblock0, logical block 2
uncorrectable error : <3>uncorrectable error : <3>end_request: I/O error, dev mtdblock0, sector 24
Buffer I/O error on device mtdblock0, logical block 3
uncorrectable error : <3>end_request: I/O error, dev mtdblock0, sector 0
Buffer I/O error on device mtdblock0, logical block 0
eth0: set allmulti
eth0: set allmulti
eth0: set allmulti
eth0: set allmulti
eth0: set allmulti
eth0: set allmulti
eth0: set allmulti
